
> angular-co2-footprint@0.0.0 test
> ng test

[33mÔØ»[39m Building...
[32mÔ£ö[39m Building...
[1mInitial chunk files[22m                                                                     [2m | [22m[1mNames[22m                                                                                [2m | [22m [1mRaw size[22m
[32mstyles.css[39m                                                                              [2m | [22m[2mstyles[22m                                                                               [2m | [22m[36m380.89 kB[39m[2m | [22m
[32mspec-app-page-page-tabelle-page-tabelle.js[39m                                              [2m | [22m[2mspec-app-page-page-tabelle-page-tabelle[22m                                              [2m | [22m [36m12.61 kB[39m[2m | [22m
[32mchunk-FOECBBCG.js[39m                                                                       [2m | [22m[2m-[22m                                                                                    [2m | [22m [36m10.65 kB[39m[2m | [22m
[32mchunk-P7HWEO2B.js[39m                                                                       [2m | [22m[2m-[22m                                                                                    [2m | [22m  [36m8.55 kB[39m[2m | [22m
[32mspec-app-page-page-home-page-home.js[39m                                                    [2m | [22m[2mspec-app-page-page-home-page-home[22m                                                    [2m | [22m  [36m6.58 kB[39m[2m | [22m
[32mchunk-F7G2QPPX.js[39m                                                                       [2m | [22m[2m-[22m                                                                                    [2m | [22m  [36m6.11 kB[39m[2m | [22m
[32mchunk-2DYV5NPB.js[39m                                                                       [2m | [22m[2m-[22m                                                                                    [2m | [22m  [36m5.74 kB[39m[2m | [22m
[32mchunk-RSTWSNOR.js[39m                                                                       [2m | [22m[2m-[22m                                                                                    [2m | [22m  [36m4.75 kB[39m[2m | [22m
[32mchunk-JMAHV3KN.js[39m                                                                       [2m | [22m[2m-[22m                                                                                    [2m | [22m  [36m4.74 kB[39m[2m | [22m
[32mspec-app-app.js[39m                                                                         [2m | [22m[2mspec-app-app[22m                                                                         [2m | [22m  [36m3.66 kB[39m[2m | [22m
[32mchunk-33CJ4UH2.js[39m                                                                       [2m | [22m[2m-[22m                                                                                    [2m | [22m  [36m3.53 kB[39m[2m | [22m
[32mspec-app-service-lokale-navigation.service-lokale-navigation.service.js[39m                 [2m | [22m[2mspec-app-service-lokale-navigation.service-lokale-navigation.service[22m                 [2m | [22m  [36m3.50 kB[39m[2m | [22m
[32mspec-app-page-page-tabelle-components-tabelle-component-tabelle.component.js[39m            [2m | [22m[2mspec-app-page-page-tabelle-components-tabelle-component-tabelle.component[22m            [2m | [22m  [36m3.39 kB[39m[2m | [22m
[32mspec-app-service-settings.service-settings.service.js[39m                                   [2m | [22m[2mspec-app-service-settings.service-settings.service[22m                                   [2m | [22m  [36m3.27 kB[39m[2m | [22m
[32mchunk-OZM3FAEA.js[39m                                                                       [2m | [22m[2m-[22m                                                                                    [2m | [22m  [36m3.16 kB[39m[2m | [22m
[32mspec-app-page-page-about-page-about.js[39m                                                  [2m | [22m[2mspec-app-page-page-about-page-about[22m                                                  [2m | [22m  [36m2.80 kB[39m[2m | [22m
[32mchunk-TH2B4RMB.js[39m                                                                       [2m | [22m[2m-[22m                                                                                    [2m | [22m  [36m2.10 kB[39m[2m | [22m
[32mchunk-G5H4Z227.js[39m                                                                       [2m | [22m[2m-[22m                                                                                    [2m | [22m  [36m1.56 kB[39m[2m | [22m
[32mspec-app-service-database.service-database.service.js[39m                                   [2m | [22m[2mspec-app-service-database.service-database.service[22m                                   [2m | [22m  [36m1.39 kB[39m[2m | [22m
[32minit-testbed.js[39m                                                                         [2m | [22m[2minit-testbed[22m                                                                         [2m | [22m  [36m1.21 kB[39m[2m | [22m
[32mspec-app-layout-header-header.component.js[39m                                              [2m | [22m[2mspec-app-layout-header-header.component[22m                                              [2m | [22m  [36m1.12 kB[39m[2m | [22m
[32mspec-app-layout-footer-components-dialog-einstellungen-dialog-einstellungen.component.js[39m[2m | [22m[2mspec-app-layout-footer-components-dialog-einstellungen-dialog-einstellungen.component[22m[2m | [22m[36m938 bytes[39m[2m | [22m
[32mspec-app-layout-footer-components-dialog-rechtliches-dialog-rechtliches.component.js[39m    [2m | [22m[2mspec-app-layout-footer-components-dialog-rechtliches-dialog-rechtliches.component[22m    [2m | [22m[36m788 bytes[39m[2m | [22m
[32mspec-app-layout-lokale-navigation-lokale-navigation.component.js[39m                        [2m | [22m[2mspec-app-layout-lokale-navigation-lokale-navigation.component[22m                        [2m | [22m[36m775 bytes[39m[2m | [22m
[32mspec-app-layout-footer-footer.component.js[39m                                              [2m | [22m[2mspec-app-layout-footer-footer.component[22m                                              [2m | [22m[36m757 bytes[39m[2m | [22m
[32mvitest-mock-patch.js[39m                                                                    [2m | [22m[2mvitest-mock-patch[22m                                                                    [2m | [22m[36m704 bytes[39m[2m | [22m

[1m [22m                                                                                       [2m | [22m[1mInitial total[22m                                                                        [2m | [22m[1m475.28 kB[22m

Application bundle generation complete. [1.342 seconds] - 2026-03-30T14:02:59.453Z


[1m[46m RUN [49m[22m [36mv4.1.0 [39m[90mD:/Studium/IPWA01-01_Programmierung_von_Webanwendungsoberflaechen/angular-co2-footprint[39m

node.exe : [90mstderr[2m | 
src/app/service/settings.service/settings.service.spec.ts[2m > 
[22m[2mSettingsService[2m > [22m[2mInitialisierung[2m > 
[22m[2mInitialisierung[2m > [22m[2misRtl_TRUE_rtl wenn sessionStorage 
ung├╝ltiges JSON enth├ñlt und arabische Sprache und reutrn type als ar-ar
In C:\Program Files\nodejs\npm.ps1:29 Zeichen:3
+   & $NODE_EXE $NPM_CLI_JS $args
+   ~~~~~~~~~~~~~~~~~~~~~~~~~~~~~
    + CategoryInfo          : NotSpecified: ([90mstderr[2m... type als ar-ar 
   :String) [], RemoteException
    + FullyQualifiedErrorId : NativeCommandError
 
[22m[39mSyntaxError: Unexpected token 'u', "ung├╝ltiges json{{{" is not 
valid JSON
    at JSON.parse (<anonymous>)
    at _SettingsService.loadSettings (D:/Studium/IPWA01-01_Programmierung_von_W
ebanwendungsoberflaechen/angular-co2-footprint/src/app/service/settings.service
/settings.service.ts:34:36)
    at _SettingsService.<instance_members_initializer> (D:/Studium/IPWA01-01_Pr
ogrammierung_von_Webanwendungsoberflaechen/angular-co2-footprint/src/app/servic
e/settings.service/settings.service.ts:10:70)
    at new _SettingsService (D:/Studium/IPWA01-01_Programmierung_von_Webanwendu
ngsoberflaechen/angular-co2-footprint/src/app/service/settings.service/settings
.service.ts:14:3)
    at Object.SettingsService_Factory [as factory] (D:/Studium/IPWA01-01_Progra
mmierung_von_Webanwendungsoberflaechen/angular-co2-footprint/chunk-TH2B4RMB.js:
47:12)
    at [90mfile:///D:/Studium/IPWA01-01_Programmierung_von_Webanwendungsoberfl
aechen/angular-co2-footprint/[39mnode_modules/[4m@angular[24m/core/fesm2022/
_effect-chunk2.mjs:1316:35
    at runInInjectorProfilerContext [90m(file:///D:/Studium/IPWA01-01_Programm
ierung_von_Webanwendungsoberflaechen/angular-co2-footprint/[39mnode_modules/[
4m@angular[24m/core/fesm2022/_effect-chunk2.mjs:444:5[90m)[39m
    at R3Injector.hydrate [90m(file:///D:/Studium/IPWA01-01_Programmierung_von
_Webanwendungsoberflaechen/angular-co2-footprint/[39mnode_modules/[4m@angular
[24m/core/fesm2022/_effect-chunk2.mjs:1314:11[90m)[39m
    at R3Injector.get [90m(file:///D:/Studium/IPWA01-01_Programmierung_von_Web
anwendungsoberflaechen/angular-co2-footprint/[39mnode_modules/[4m@angular[24
m/core/fesm2022/_effect-chunk2.mjs:1203:23[90m)[39m
    at TestBedImpl.inject [90m(file:///D:/Studium/IPWA01-01_Programmierung_von
_Webanwendungsoberflaechen/angular-co2-footprint/[39mnode_modules/[4m@angular
[24m/core/fesm2022/testing.mjs:1413:48[90m)[39m

 [31mÔØ»[39m [30m[45m angular-co2-footprint [49m[39m src/app/service/lokale-navigation.service/lokale-navigation.service.spec.ts [2m([22m[2m0 test[22m[2m)[22m
[90mstderr[2m | 
src/app/service/settings.service/settings.service.spec.ts[2m > 
[22m[2mSettingsService[2m > [22m[2mInitialisierung[2m > 
[22m[2mInitialisierung[2m > [22m[2misRtl_FALSE_ltr wenn sessionStorage 
ung├╝ltiges JSON enth├ñlt und deutsche Sprache und return type als de-de
[22m[39mSyntaxError: Unexpected token 'u', "ung├╝ltiges json{{{" is not 
valid JSON
    at JSON.parse (<anonymous>)
    at _SettingsService.loadSettings (D:/Studium/IPWA01-01_Programmierung_von_W
ebanwendungsoberflaechen/angular-co2-footprint/src/app/service/settings.service
/settings.service.ts:34:36)
    at _SettingsService.<instance_members_initializer> (D:/Studium/IPWA01-01_Pr
ogrammierung_von_Webanwendungsoberflaechen/angular-co2-footprint/src/app/servic
e/settings.service/settings.service.ts:10:70)
    at new _SettingsService (D:/Studium/IPWA01-01_Programmierung_von_Webanwendu
ngsoberflaechen/angular-co2-footprint/src/app/service/settings.service/settings
.service.ts:14:3)
    at Object.SettingsService_Factory [as factory] (D:/Studium/IPWA01-01_Progra
mmierung_von_Webanwendungsoberflaechen/angular-co2-footprint/chunk-TH2B4RMB.js:
47:12)
    at [90mfile:///D:/Studium/IPWA01-01_Programmierung_von_Webanwendungsoberfl
aechen/angular-co2-footprint/[39mnode_modules/[4m@angular[24m/core/fesm2022/
_effect-chunk2.mjs:1316:35
    at runInInjectorProfilerContext [90m(file:///D:/Studium/IPWA01-01_Programm
ierung_von_Webanwendungsoberflaechen/angular-co2-footprint/[39mnode_modules/[
4m@angular[24m/core/fesm2022/_effect-chunk2.mjs:444:5[90m)[39m
    at R3Injector.hydrate [90m(file:///D:/Studium/IPWA01-01_Programmierung_von
_Webanwendungsoberflaechen/angular-co2-footprint/[39mnode_modules/[4m@angular
[24m/core/fesm2022/_effect-chunk2.mjs:1314:11[90m)[39m
    at R3Injector.get [90m(file:///D:/Studium/IPWA01-01_Programmierung_von_Web
anwendungsoberflaechen/angular-co2-footprint/[39mnode_modules/[4m@angular[24
m/core/fesm2022/_effect-chunk2.mjs:1203:23[90m)[39m
    at TestBedImpl.inject [90m(file:///D:/Studium/IPWA01-01_Programmierung_von
_Webanwendungsoberflaechen/angular-co2-footprint/[39mnode_modules/[4m@angular
[24m/core/fesm2022/testing.mjs:1413:48[90m)[39m

 [32mÔ£ô[39m [30m[45m angular-co2-footprint [49m[39m src/app/page/page-about/page-about.spec.ts [2m([22m[2m1 test[22m[2m)[22m[32m 39[2mms[22m[39m
 [32mÔ£ô[39m [30m[45m angular-co2-footprint [49m[39m src/app/page/page-home/page-home.spec.ts [2m([22m[2m1 test[22m[2m)[22m[32m 52[2mms[22m[39m
 [32mÔ£ô[39m [30m[45m angular-co2-footprint [49m[39m src/app/service/settings.service/settings.service.spec.ts [2m([22m[2m8 tests[22m[2m)[22m[32m 40[2mms[22m[39m
[90mstderr[2m | 
src/app/service/database.service/database.service.spec.ts[2m > 
[22m[2mDatabaseService[2m > [22m[2mentferneSonderzeichen (Escaping f├╝r 
LIKE-Queries)[2m > [22m[2mescapt Prozentzeichen mit Backslash
[22m[39mGoTrueClient@sb-ynwvtfdglmlzfmagsrlc-auth-token:1 (2.86.2) 
2026-03-30T14:03:00.776Z Multiple GoTrueClient instances detected in the same 
browser context. It is not an error, but this should be avoided as it may 
produce undefined behavior when used concurrently under the same storage key.

[90mstderr[2m | 
src/app/service/database.service/database.service.spec.ts[2m > 
[22m[2mDatabaseService[2m > [22m[2mentferneSonderzeichen (Escaping f├╝r 
LIKE-Queries)[2m > [22m[2mescapt Unterstriche mit Backslash
[22m[39mGoTrueClient@sb-ynwvtfdglmlzfmagsrlc-auth-token:2 (2.86.2) 
2026-03-30T14:03:00.778Z Multiple GoTrueClient instances detected in the same 
browser context. It is not an error, but this should be avoided as it may 
produce undefined behavior when used concurrently under the same storage key.

 [32mÔ£ô[39m [30m[45m angular-co2-footprint [49m[39m src/app/layout/header/header.component.spec.ts [2m([22m[2m1 test[22m[2m)[22m[32m 51[2mms[22m[39m
[90mstderr[2m | 
src/app/service/database.service/database.service.spec.ts[2m > 
[22m[2mDatabaseService[2m > [22m[2mentferneSonderzeichen (Escaping f├╝r 
LIKE-Queries)[2m > [22m[2mescapt Sternchen mit Backslash
[22m[39mGoTrueClient@sb-ynwvtfdglmlzfmagsrlc-auth-token:3 (2.86.2) 
2026-03-30T14:03:00.781Z Multiple GoTrueClient instances detected in the same 
browser context. It is not an error, but this should be avoided as it may 
produce undefined behavior when used concurrently under the same storage key.

[90mstderr[2m | 
src/app/service/database.service/database.service.spec.ts[2m > 
[22m[2mDatabaseService[2m > [22m[2mentferneSonderzeichen (Escaping f├╝r 
LIKE-Queries)[2m > [22m[2mhandled leere Strings
[22m[39mGoTrueClient@sb-ynwvtfdglmlzfmagsrlc-auth-token:4 (2.86.2) 
2026-03-30T14:03:00.783Z Multiple GoTrueClient instances detected in the same 
browser context. It is not an error, but this should be avoided as it may 
produce undefined behavior when used concurrently under the same storage key.

[90mstderr[2m | 
src/app/service/database.service/database.service.spec.ts[2m > 
[22m[2mDatabaseService[2m > [22m[2mentferneSonderzeichen (Escaping f├╝r 
LIKE-Queries)[2m > [22m[2mkombiniert mehrere Sonderzeichen
[22m[39mGoTrueClient@sb-ynwvtfdglmlzfmagsrlc-auth-token:5 (2.86.2) 
2026-03-30T14:03:00.785Z Multiple GoTrueClient instances detected in the same 
browser context. It is not an error, but this should be avoided as it may 
produce undefined behavior when used concurrently under the same storage key.

 [32mÔ£ô[39m [30m[45m angular-co2-footprint [49m[39m src/app/service/database.service/database.service.spec.ts [2m([22m[2m6 tests[22m[2m)[22m[32m 34[2mms[22m[39m
 [32mÔ£ô[39m [30m[45m angular-co2-footprint [49m[39m src/app/layout/footer/components/dialog-rechtliches/dialog-rechtliches.component.spec.ts [2m([22m[2m1 test[22m[2m)[22m[32m 44[2mms[22m[39m
 [32mÔ£ô[39m [30m[45m angular-co2-footprint [49m[39m src/app/layout/footer/footer.component.spec.ts [2m([22m[2m1 test[22m[2m)[22m[32m 35[2mms[22m[39m
 [32mÔ£ô[39m [30m[45m angular-co2-footprint [49m[39m src/app/layout/footer/components/dialog-einstellungen/dialog-einstellungen.component.spec.ts [2m([22m[2m1 test[22m[2m)[22m[32m 163[2mms[22m[39m
 [31mÔØ»[39m [30m[45m angular-co2-footprint [49m[39m src/app/page/page-tabelle/page-tabelle.spec.ts [2m([22m[2m0 test[22m[2m)[22m
 [32mÔ£ô[39m [30m[45m angular-co2-footprint [49m[39m src/app/app.spec.ts [2m([22m[2m1 test[22m[2m)[22m[32m 54[2mms[22m[39m
 [32mÔ£ô[39m [30m[45m angular-co2-footprint [49m[39m src/app/layout/lokale-navigation/lokale-navigation.component.spec.ts [2m([22m[2m1 test[22m[2m)[22m[32m 55[2mms[22m[39m
 [32mÔ£ô[39m [30m[45m angular-co2-footprint [49m[39m src/app/page/page-tabelle/components/tabelle-component/tabelle.component.spec.ts [2m([22m[2m5 tests[22m[2m)[22m[33m 423[2mms[22m[39m

[31mÔÄ»ÔÄ»ÔÄ»ÔÄ»ÔÄ»ÔÄ»[39m[1m[41m Failed Suites 2 
[49m[22m[31mÔÄ»ÔÄ»ÔÄ»ÔÄ»ÔÄ»ÔÄ»ÔÄ»[39m

[41m[1m FAIL [22m[49m [30m[45m angular-co2-footprint [49m[39m 
src/app/page/page-tabelle/page-tabelle.spec.ts[2m [ 
src/app/page/page-tabelle/page-tabelle.spec.ts ][22m
[31m[1mError[22m: zone-testing.js is needed for the fakeAsync() test helper 
but could not be found.
        Please make sure that your environment includes zone.js/testing[39m
[90m [2mÔØ»[22m withFakeAsyncTestModule ../darwin_arm64-fastbuild-ST-fdfa778
d11ba/bin/packages/core/testing/src/fake_async.ts:[2m20:10[22m[39m
[90m [2mÔØ»[22m withFakeAsyncTestModule ../darwin_arm64-fastbuild-ST-fdfa778
d11ba/bin/packages/core/testing/src/fake_async.ts:[2m71:9[22m[39m
[36m [2mÔØ»[22m 
src/app/page/page-tabelle/page-tabelle.spec.ts:[2m64:56[22m[39m
    [90m 62|[39m    */[39m
    [90m 63|[39m   [34mdescribe[39m([32m'Daten laden via DatabaseService 
(Integration)'[39m[33m,[39m () [33m=>[39m {
    [90m 64|[39m     it('l├ñdt Daten beim Initialisieren der Component', 
fakeAsync(() =>ÔÇª
    [90m   |[39m                                                        
[31m^[39m
    [90m 65|[39m       [35mconst[39m mockData [33m=[39m [
    [90m 66|[39m         { id: 1, country: 'Germany', company_name: 'Company 
A', co2_veÔÇª

[31m[2mÔÄ»ÔÄ»ÔÄ»ÔÄ»ÔÄ»ÔÄ»ÔÄ»ÔÄ»ÔÄ»ÔÄ»ÔÄ»ÔÄ»ÔÄ»ÔÄ»ÔÄ»ÔÄ»ÔÄ»ÔÄ»ÔÄ»ÔÄ»ÔÄ»ÔÄ»ÔÄ»Ô
Ä»[1/2]ÔÄ»[22m[39m

[41m[1m FAIL [22m[49m [30m[45m angular-co2-footprint [49m[39m src/app/s
ervice/lokale-navigation.service/lokale-navigation.service.spec.ts[2m [ 
src/app/service/lokale-navigation.service/lokale-navigation.service.spec.ts 
][22m
[31m[1mError[22m: zone-testing.js is needed for the fakeAsync() test helper 
but could not be found.
        Please make sure that your environment includes zone.js/testing[39m
[90m [2mÔØ»[22m withFakeAsyncTestModule ../darwin_arm64-fastbuild-ST-fdfa778
d11ba/bin/packages/core/testing/src/fake_async.ts:[2m20:10[22m[39m
[90m [2mÔØ»[22m withFakeAsyncTestModule ../darwin_arm64-fastbuild-ST-fdfa778
d11ba/bin/packages/core/testing/src/fake_async.ts:[2m71:9[22m[39m
[36m [2mÔØ»[22m src/app/service/lokale-navigation.service/lokale-navigation.
service.spec.ts:[2m94:72[22m[39m
    [90m 92|[39m    */[39m
    [90m 93|[39m   [34mdescribe[39m([32m'Router Integration (Integration 
Test)'[39m[33m,[39m () [33m=>[39m {
    [90m 94|[39m     it('deaktiviert Navigation automatisch bei 
NavigationStart Event',ÔÇª
    [90m   |[39m                                                             
           [31m^[39m
    [90m 95|[39m       [90m// Setup: Navigation aktivieren[39m
    [90m 96|[39m       [35mconst[39m items [33m=[39m [{ label[33m:[39m 
[32m'Test'[39m[33m,[39m fragment[33m:[39m [32m'test'[39m }][33m;[39m

[31m[2mÔÄ»ÔÄ»ÔÄ»ÔÄ»ÔÄ»ÔÄ»ÔÄ»ÔÄ»ÔÄ»ÔÄ»ÔÄ»ÔÄ»ÔÄ»ÔÄ»ÔÄ»ÔÄ»ÔÄ»ÔÄ»ÔÄ»ÔÄ»ÔÄ»ÔÄ»ÔÄ»Ô
Ä»[2/2]ÔÄ»[22m[39m


[2m Test Files [22m [1m[31m2 failed[39m[22m[2m | [22m[1m[32m11 passed[39m[22m[90m (13)[39m
[2m      Tests [22m [1m[32m27 passed[39m[22m[90m (27)[39m
[2m   Start at [22m 16:02:59
[2m   Duration [22m 1.80s[2m (transform 744ms, setup 3.97s, import 2.02s, tests 991ms, environment 7.40s)[22m

